  Building 'DBKKernel' with toolset 'WindowsKernelModeDriver10.0' and the 'Desktop' target platform.
  Stamping x64\Releasewithoutsig\DBK64.inf
  Stamping [Version] section with DriverVer=03/10/2025,22.58.57.573
C:\Projects\cheat-engine\DBKKernel\DBK64.inf(5-5): warning 1324: [Version] section should specify PnpLockdown=1.
  Assembling amd64\dbkfunca.asm...
  Assembling amd64\debuggera.asm...
  Assembling amd64\noexceptionsa.asm...
  Assembling amd64\ultimapa.asm...
  Assembling amd64\vmxhelpera.asm...
  Assembling amd64\vmxoffloada.asm...
  DBKDrvr.c
  DBKFunc.c
  debugger.c
  deepkernel.c
  interruptHook.c
  IOPLDispatcher.c
  memscan.c
  noexceptions.c
  processlist.c
  threads.c
  ultimap.c
  ultimap2.c
  apic.c
  vmxhelper.c
  vmxoffload.c
  Generating Code...
  DBKKernel.vcxproj -> C:\Projects\cheat-engine\Cheat Engine\bin\iRpsmmkfOYytqJFB64.sys
  
  The following certificates were considered:
      Issued to: WDKTestCert Michael,133860799121819706
  
      Issued by: WDKTestCert Michael,133860799121819706
  
      Expires:   Sat Mar 10 09:00:00 2035
  
      SHA1 hash: B81E441237938A116B7520F3235E733B1C72BC4F
  
  
      Issued to: WDKTestCert Michael,133860887116168416
  
      Issued by: WDKTestCert Michael,133860887116168416
  
      Expires:   Sat Mar 10 09:00:00 2035
  
      SHA1 hash: 75B1D308E4BFAC06DFABB993A1AB5DF6DD23412B
  
  
  After EKU filter, 2 certs were left.
  After expiry filter, 2 certs were left.
  After Hash filter, 1 certs were left.
  After Private Key filter, 1 certs were left.
  The following certificate was selected:
      Issued to: WDKTestCert Michael,133860887116168416
  
      Issued by: WDKTestCert Michael,133860887116168416
  
      Expires:   Sat Mar 10 09:00:00 2035
  
      SHA1 hash: 75B1D308E4BFAC06DFABB993A1AB5DF6DD23412B
  
  
  Done Adding Additional Store
  Successfully signed: C:\Projects\cheat-engine\Cheat Engine\bin\iRpsmmkfOYytqJFB64.sys
  
  
  Number of files successfully Signed: 1
  
  Number of warnings: 0
  
  Number of errors: 0
  
